// Jest Snapshot v1, https://goo.gl/fbAQLP

exports[`Testing snapshot for Pipedrive (Dev)'s createUpdateLead destination action: all fields 1`] = `""`;

exports[`Testing snapshot for Pipedrive (Dev)'s createUpdateLead destination action: required fields 1`] = `""`;

exports[`Testing snapshot for Pipedrive (Dev)'s createUpdateLead destination action: required fields 2`] = `
Headers {
  Symbol(map): Object {
    "authorization": Array [
      "Bearer fake-access-token",
    ],
    "user-agent": Array [
      "Segment (Actions)",
    ],
  },
}
`;
